Archive member included because of file (symbol)

/Users/zatipnis/pebble-dev/PebbleSDK-2.7/Pebble/lib/libpebble.a(tmpu_Elzfpebble.o)
                              src/simply/simply_accel.c.21.o (accel_data_service_unsubscribe)

Discarded input sections

 .text          0x0000000000000000        0x0 /Users/zatipnis/pebble-dev/PebbleSDK-2.7/arm-cs-tools/bin/../lib/gcc/arm-none-eabi/4.7.2/thumb2/crti.o
 .bss           0x0000000000000000        0x0 /Users/zatipnis/pebble-dev/PebbleSDK-2.7/arm-cs-tools/bin/../lib/gcc/arm-none-eabi/4.7.2/thumb2/crti.o
 .init          0x0000000000000000        0x4 /Users/zatipnis/pebble-dev/PebbleSDK-2.7/arm-cs-tools/bin/../lib/gcc/arm-none-eabi/4.7.2/thumb2/crti.o
 .fini          0x0000000000000000        0x4 /Users/zatipnis/pebble-dev/PebbleSDK-2.7/arm-cs-tools/bin/../lib/gcc/arm-none-eabi/4.7.2/thumb2/crti.o
 .text          0x0000000000000000       0xc8 /Users/zatipnis/pebble-dev/PebbleSDK-2.7/arm-cs-tools/bin/../lib/gcc/arm-none-eabi/4.7.2/thumb2/crtbegin.o
 .bss           0x0000000000000000       0x1c /Users/zatipnis/pebble-dev/PebbleSDK-2.7/arm-cs-tools/bin/../lib/gcc/arm-none-eabi/4.7.2/thumb2/crtbegin.o
 .init_array    0x0000000000000000        0x4 /Users/zatipnis/pebble-dev/PebbleSDK-2.7/arm-cs-tools/bin/../lib/gcc/arm-none-eabi/4.7.2/thumb2/crtbegin.o
 .fini_array    0x0000000000000000        0x4 /Users/zatipnis/pebble-dev/PebbleSDK-2.7/arm-cs-tools/bin/../lib/gcc/arm-none-eabi/4.7.2/thumb2/crtbegin.o
 .eh_frame      0x0000000000000000        0x0 /Users/zatipnis/pebble-dev/PebbleSDK-2.7/arm-cs-tools/bin/../lib/gcc/arm-none-eabi/4.7.2/thumb2/crtbegin.o
 .jcr           0x0000000000000000        0x0 /Users/zatipnis/pebble-dev/PebbleSDK-2.7/arm-cs-tools/bin/../lib/gcc/arm-none-eabi/4.7.2/thumb2/crtbegin.o
 .tm_clone_table
                0x0000000000000000        0x0 /Users/zatipnis/pebble-dev/PebbleSDK-2.7/arm-cs-tools/bin/../lib/gcc/arm-none-eabi/4.7.2/thumb2/crtbegin.o
 .text          0x0000000000000000        0x0 src/main.c.21.o
 .bss           0x0000000000000000        0x0 src/main.c.21.o
 .text          0x0000000000000000        0x0 src/simply/simply.c.21.o
 .bss           0x0000000000000000        0x0 src/simply/simply.c.21.o
 .text          0x0000000000000000        0x0 src/simply/simply_accel.c.21.o
 .bss           0x0000000000000000        0x0 src/simply/simply_accel.c.21.o
 .text          0x0000000000000000        0x0 src/simply/simply_menu.c.21.o
 .bss           0x0000000000000000        0x0 src/simply/simply_menu.c.21.o
 .text          0x0000000000000000        0x0 src/simply/simply_msg.c.21.o
 .bss           0x0000000000000000        0x0 src/simply/simply_msg.c.21.o
 .text          0x0000000000000000        0x0 src/simply/simply_res.c.21.o
 .bss           0x0000000000000000        0x0 src/simply/simply_res.c.21.o
 .text.id_filter
                0x0000000000000000        0xa src/simply/simply_res.c.21.o
 .text.simply_res_remove_image
                0x0000000000000000       0x18 src/simply/simply_res.c.21.o
 .text          0x0000000000000000        0x0 src/simply/simply_splash.c.21.o
 .bss           0x0000000000000000        0x0 src/simply/simply_splash.c.21.o
 .text          0x0000000000000000        0x0 src/simply/simply_stage.c.21.o
 .bss           0x0000000000000000        0x0 src/simply/simply_stage.c.21.o
 .text.id_filter
                0x0000000000000000        0xa src/simply/simply_stage.c.21.o
 .text.animation_filter
                0x0000000000000000        0xa src/simply/simply_stage.c.21.o
 .text.animation_element_filter
                0x0000000000000000        0xa src/simply/simply_stage.c.21.o
 .text          0x0000000000000000        0x0 src/simply/simply_ui.c.21.o
 .bss           0x0000000000000000        0x0 src/simply/simply_ui.c.21.o
 .text          0x0000000000000000        0x0 src/simply/simply_window.c.21.o
 .bss           0x0000000000000000        0x0 src/simply/simply_window.c.21.o
 .text.simply_window_set_button
                0x0000000000000000       0x24 src/simply/simply_window.c.21.o
 .text          0x0000000000000000        0x0 src/simply/simply_window_stack.c.21.o
 .bss           0x0000000000000000        0x0 src/simply/simply_window_stack.c.21.o
 .text          0x0000000000000000        0x0 appinfo.auto.c.21.o
 .bss           0x0000000000000000        0x0 appinfo.auto.c.21.o
 .bss           0x0000000000000000        0x0 /Users/zatipnis/pebble-dev/PebbleSDK-2.7/Pebble/lib/libpebble.a(tmpu_Elzfpebble.o)
 .text.accel_data_service_subscribe__deprecated
                0x0000000000000000        0xc /Users/zatipnis/pebble-dev/PebbleSDK-2.7/Pebble/lib/libpebble.a(tmpu_Elzfpebble.o)
 .text.accel_service_set_samples_per_update
                0x0000000000000000        0xc /Users/zatipnis/pebble-dev/PebbleSDK-2.7/Pebble/lib/libpebble.a(tmpu_Elzfpebble.o)
 .text.action_bar_layer_get_layer
                0x0000000000000000        0xc /Users/zatipnis/pebble-dev/PebbleSDK-2.7/Pebble/lib/libpebble.a(tmpu_Elzfpebble.o)
[...]
Memory Configuration

Name             Origin             Length             Attributes
APP              0x0000000000000000 0x0000000000006000 xrw
*default*        0x0000000000000000 0xffffffffffffffff

Linker script and memory map

LOAD /Users/zatipnis/pebble-dev/PebbleSDK-2.7/arm-cs-tools/bin/../lib/gcc/arm-none-eabi/4.7.2/thumb2/crti.o
LOAD /Users/zatipnis/pebble-dev/PebbleSDK-2.7/arm-cs-tools/bin/../lib/gcc/arm-none-eabi/4.7.2/thumb2/crtbegin.o
LOAD src/main.c.21.o
LOAD src/simply/simply.c.21.o
LOAD src/simply/simply_accel.c.21.o
LOAD src/simply/simply_menu.c.21.o
LOAD src/simply/simply_msg.c.21.o
LOAD src/simply/simply_res.c.21.o
LOAD src/simply/simply_splash.c.21.o
LOAD src/simply/simply_stage.c.21.o
LOAD src/simply/simply_ui.c.21.o
LOAD src/simply/simply_window.c.21.o
LOAD src/simply/simply_window_stack.c.21.o
LOAD appinfo.auto.c.21.o
LOAD /Users/zatipnis/pebble-dev/PebbleSDK-2.7/Pebble/lib/libpebble.a
START GROUP
LOAD /Users/zatipnis/pebble-dev/PebbleSDK-2.7/arm-cs-tools/bin/../lib/gcc/arm-none-eabi/4.7.2/thumb2/libgcc.a
LOAD /Users/zatipnis/pebble-dev/PebbleSDK-2.7/arm-cs-tools/bin/../lib/gcc/arm-none-eabi/4.7.2/../../../../arm-none-eabi/lib/thumb2/libc.a
END GROUP
LOAD /Users/zatipnis/pebble-dev/PebbleSDK-2.7/arm-cs-tools/bin/../lib/gcc/arm-none-eabi/4.7.2/thumb2/crtend.o
LOAD /Users/zatipnis/pebble-dev/PebbleSDK-2.7/arm-cs-tools/bin/../lib/gcc/arm-none-eabi/4.7.2/thumb2/crtn.o

.header         0x0000000000000000       0x82
 *(.pbl_header)
 .pbl_header    0x0000000000000000       0x82 appinfo.auto.c.21.o
                0x0000000000000000                __pbl_app_info

.text           0x0000000000000084     0x2d4a
 *(.text)
 .text          0x0000000000000084       0x14 /Users/zatipnis/pebble-dev/PebbleSDK-2.7/Pebble/lib/libpebble.a(tmpu_Elzfpebble.o)
 *(.text.*)
 .text.startup.main
                0x0000000000000098       0x16 src/main.c.21.o
                0x0000000000000098                main
 .text.simply_init
                0x00000000000000ae       0x56 src/simply/simply.c.21.o
                0x00000000000000ae                simply_init
 .text.simply_deinit
                0x0000000000000104       0x38 src/simply/simply.c.21.o
                0x0000000000000104                simply_deinit
 .text.handle_accel_tap
                0x000000000000013c       0x18 src/simply/simply_accel.c.21.o
 .text.handle_accel_data
                0x0000000000000154       0x1c src/simply/simply_accel.c.21.o
 .text.simply_accel_set_data_subscribe
                0x0000000000000170       0x2c src/simply/simply_accel.c.21.o
                0x0000000000000170                simply_accel_set_data_subscribe
 .text.simply_accel_peek
                0x000000000000019c        0xc src/simply/simply_accel.c.21.o
                0x000000000000019c                simply_accel_peek
 .text.simply_accel_create
                0x00000000000001a8       0x38 src/simply/simply_accel.c.21.o
                0x00000000000001a8                simply_accel_create
 .text.simply_accel_destroy
                0x00000000000001e0       0x20 src/simply/simply_accel.c.21.o
                0x00000000000001e0                simply_accel_destroy
 .text.list1_remove
                0x0000000000000200       0x32 src/simply/simply_menu.c.21.o
 .text.section_filter
                0x0000000000000232        0xc src/simply/simply_menu.c.21.o
 .text.item_filter
                0x000000000000023e       0x1a src/simply/simply_menu.c.21.o
 .text.menu_get_num_sections_callback
                0x0000000000000258        0x4 src/simply/simply_menu.c.21.o
 .text.destroy_section
                0x000000000000025c       0x30 src/simply/simply_menu.c.21.o
 .text.destroy_item
                0x000000000000028c       0x30 src/simply/simply_menu.c.21.o
 .text.window_unload
                0x00000000000002bc       0x1c src/simply/simply_menu.c.21.o
 .text.window_appear
                0x00000000000002d8       0x14 src/simply/simply_menu.c.21.o
 .text.single_click_handler
                0x00000000000002ec       0x1a src/simply/simply_menu.c.21.o
 .text.menu_select_long_click_callback
                0x0000000000000306        0xe src/simply/simply_menu.c.21.o
 .text.menu_select_click_callback
                0x0000000000000314        0xe src/simply/simply_menu.c.21.o
 .text.mark_dirty
                0x0000000000000322        0xa src/simply/simply_menu.c.21.o
 .text.window_load
                0x000000000000032c       0xec src/simply/simply_menu.c.21.o
 .text.list1_find_prev.constprop.2
                0x0000000000000418       0x1c src/simply/simply_menu.c.21.o
 .text.click_config_provider
                0x0000000000000434       0x24 src/simply/simply_menu.c.21.o
 .text.get_menu_section
                0x0000000000000458       0x10 src/simply/simply_menu.c.21.o
 .text.menu_get_num_rows_callback
                0x0000000000000468       0x12 src/simply/simply_menu.c.21.o
 *fill*         0x000000000000047a        0x2 
 .text.menu_get_header_height_callback
                0x000000000000047c       0x24 src/simply/simply_menu.c.21.o
 .text.add_section
                0x00000000000004a0       0x50 src/simply/simply_menu.c.21.o
 .text.request_menu_section.part.0
                0x00000000000004f0       0x2e src/simply/simply_menu.c.21.o
 *fill*         0x000000000000051e        0x2 
 .text.add_item
                0x0000000000000520       0x58 src/simply/simply_menu.c.21.o
 .text.menu_draw_row_callback
                0x0000000000000578       0xc4 src/simply/simply_menu.c.21.o
 .text.menu_draw_header_callback
                0x000000000000063c       0x52 src/simply/simply_menu.c.21.o
 .text.simply_menu_set_num_sections
                0x000000000000068e        0xc src/simply/simply_menu.c.21.o
                0x000000000000068e                simply_menu_set_num_sections
 *fill*         0x000000000000069a        0x2 
 .text.simply_menu_add_section
                0x000000000000069c       0x24 src/simply/simply_menu.c.21.o
                0x000000000000069c                simply_menu_add_section
 .text.simply_menu_add_item
                0x00000000000006c0       0x24 src/simply/simply_menu.c.21.o
                0x00000000000006c0                simply_menu_add_item
 .text.simply_menu_get_selection
                0x00000000000006e4       0x28 src/simply/simply_menu.c.21.o
                0x00000000000006e4                simply_menu_get_selection
 .text.simply_menu_set_selection
                0x000000000000070c        0xc src/simply/simply_menu.c.21.o
                0x000000000000070c                simply_menu_set_selection
 .text.simply_menu_clear_section_items
                0x0000000000000718       0x28 src/simply/simply_menu.c.21.o
                0x0000000000000718                simply_menu_clear_section_items
 .text.simply_menu_clear
                0x0000000000000740       0x28 src/simply/simply_menu.c.21.o
                0x0000000000000740                simply_menu_clear
 .text.window_disappear
                0x0000000000000768       0x1c src/simply/simply_menu.c.21.o
 .text.simply_menu_create
                0x0000000000000784       0x5c src/simply/simply_menu.c.21.o
                0x0000000000000784                simply_menu_create
 .text.simply_menu_destroy
                0x00000000000007e0       0x16 src/simply/simply_menu.c.21.o
                0x00000000000007e0                simply_menu_destroy
 .text.dropped_callback
                0x00000000000007f6        0x2 src/simply/simply_msg.c.21.o
 .text.sent_callback
                0x00000000000007f8        0x2 src/simply/simply_msg.c.21.o
 .text.malloc0  0x00000000000007fa       0x18 src/simply/simply_msg.c.21.o
 *fill*         0x0000000000000812        0x2 
 .text.add_packet
                0x0000000000000814       0x70 src/simply/simply_msg.c.21.o
 .text.send_menu_item
                0x0000000000000884       0x2c src/simply/simply_msg.c.21.o
 .text.send_msg
                0x00000000000008b0       0x30 src/simply/simply_msg.c.21.o
 .text.send_msg_retry
                0x00000000000008e0       0xd8 src/simply/simply_msg.c.21.o
 .text.get_top_simply_window
                0x00000000000009b8       0x20 src/simply/simply_msg.c.21.o
 .text.strdup2  0x00000000000009d8       0x28 src/simply/simply_msg.c.21.o
 .text.simply_msg_has_communicated
                0x0000000000000a00        0xc src/simply/simply_msg.c.21.o
                0x0000000000000a00                simply_msg_has_communicated
 .text.simply_msg_show_disconnected
                0x0000000000000a0c       0x8c src/simply/simply_msg.c.21.o
                0x0000000000000a0c                simply_msg_show_disconnected
 .text.failed_callback
                0x0000000000000a98       0x18 src/simply/simply_msg.c.21.o
 .text.simply_msg_create
                0x0000000000000ab0       0x60 src/simply/simply_msg.c.21.o
                0x0000000000000ab0                simply_msg_create
 .text.simply_msg_destroy
                0x0000000000000b10       0x1c src/simply/simply_msg.c.21.o
                0x0000000000000b10                simply_msg_destroy
 .text.simply_msg_single_click
                0x0000000000000b2c       0x26 src/simply/simply_msg.c.21.o
                0x0000000000000b2c                simply_msg_single_click
 .text.simply_msg_long_click
                0x0000000000000b52       0x26 src/simply/simply_msg.c.21.o
                0x0000000000000b52                simply_msg_long_click
 .text.send_window
                0x0000000000000b78       0x38 src/simply/simply_msg.c.21.o
                0x0000000000000b78                send_window
 .text.simply_msg_window_show
                0x0000000000000bb0        0x8 src/simply/simply_msg.c.21.o
                0x0000000000000bb0                simply_msg_window_show
 .text.simply_msg_window_hide
                0x0000000000000bb8        0x8 src/simply/simply_msg.c.21.o
                0x0000000000000bb8                simply_msg_window_hide
 .text.simply_msg_accel_tap
                0x0000000000000bc0       0x2a src/simply/simply_msg.c.21.o
                0x0000000000000bc0                simply_msg_accel_tap
 .text.simply_msg_accel_data
                0x0000000000000bea       0x4a src/simply/simply_msg.c.21.o
                0x0000000000000bea                simply_msg_accel_data
 .text.accel_peek_timer_callback
                0x0000000000000c34       0x38 src/simply/simply_msg.c.21.o
 .text.simply_msg_menu_get_section
                0x0000000000000c6c        0xa src/simply/simply_msg.c.21.o
                0x0000000000000c6c                simply_msg_menu_get_section
 .text.simply_msg_menu_get_item
                0x0000000000000c76       0x12 src/simply/simply_msg.c.21.o
                0x0000000000000c76                simply_msg_menu_get_item
 .text.simply_msg_menu_select_click
                0x0000000000000c88       0x12 src/simply/simply_msg.c.21.o
                0x0000000000000c88                simply_msg_menu_select_click
 .text.simply_msg_menu_select_long_click
                0x0000000000000c9a       0x12 src/simply/simply_msg.c.21.o
                0x0000000000000c9a                simply_msg_menu_select_long_click
 .text.simply_msg_send_menu_selection
                0x0000000000000cac       0x2c src/simply/simply_msg.c.21.o
                0x0000000000000cac                simply_msg_send_menu_selection
 .text.received_callback
                0x0000000000000cd8      0x454 src/simply/simply_msg.c.21.o
 .text.simply_msg_animate_element_done
                0x000000000000112c       0x26 src/simply/simply_msg.c.21.o
                0x000000000000112c                simply_msg_animate_element_done
 .text.list1_remove
                0x0000000000001152       0x32 src/simply/simply_res.c.21.o
 .text.destroy_image
                0x0000000000001184       0x18 src/simply/simply_res.c.21.o
 .text.window_stack_schedule_top_window_render
                0x000000000000119c       0x12 src/simply/simply_res.c.21.o
 .text.simply_res_add_bundled_image
                0x00000000000011ae       0x6c src/simply/simply_res.c.21.o
                0x00000000000011ae                simply_res_add_bundled_image
 .text.simply_res_add_image
                0x000000000000121a       0x9a src/simply/simply_res.c.21.o
                0x000000000000121a                simply_res_add_image
 .text.simply_res_auto_image
                0x00000000000012b4       0x46 src/simply/simply_res.c.21.o
                0x00000000000012b4                simply_res_auto_image
 .text.simply_res_add_custom_font
                0x00000000000012fa       0x3e src/simply/simply_res.c.21.o
                0x00000000000012fa                simply_res_add_custom_font
 .text.simply_res_auto_font
                0x0000000000001338       0x2a src/simply/simply_res.c.21.o
                0x0000000000001338                simply_res_auto_font
 .text.simply_res_clear
                0x0000000000001362       0x34 src/simply/simply_res.c.21.o
                0x0000000000001362                simply_res_clear
 .text.simply_res_create
                0x0000000000001396       0x2a src/simply/simply_res.c.21.o
                0x0000000000001396                simply_res_create
 .text.simply_res_destroy
                0x00000000000013c0       0x12 src/simply/simply_res.c.21.o
                0x00000000000013c0                simply_res_destroy
 .text.window_load
                0x00000000000013d2       0x12 src/simply/simply_splash.c.21.o
 .text.layer_update_callback
                0x00000000000013e4       0x24 src/simply/simply_splash.c.21.o
                0x00000000000013e4                layer_update_callback
 .text.simply_splash_create
                0x0000000000001408       0x7c src/simply/simply_splash.c.21.o
                0x0000000000001408                simply_splash_create
 .text.simply_splash_destroy
                0x0000000000001484       0x20 src/simply/simply_splash.c.21.o
                0x0000000000001484                simply_splash_destroy
 .text.window_disappear
                0x00000000000014a4       0x1a src/simply/simply_splash.c.21.o
 .text.list1_remove
                0x00000000000014be       0x32 src/simply/simply_stage.c.21.o
 .text.element_frame_getter
                0x00000000000014f0       0x10 src/simply/simply_stage.c.21.o
 .text.window_unload
                0x0000000000001500       0x1e src/simply/simply_stage.c.21.o
 *fill*         0x000000000000151e        0x2 
 .text.window_load
                0x0000000000001520       0x60 src/simply/simply_stage.c.21.o
 .text.handle_tick
                0x0000000000001580       0x12 src/simply/simply_stage.c.21.o
                0x0000000000001580                handle_tick
 .text.malloc0  0x0000000000001592       0x18 src/simply/simply_stage.c.21.o
 .text.rect_element_draw_background.isra.0
                0x00000000000015aa       0x28 src/simply/simply_stage.c.21.o
 .text.rect_element_draw_border.isra.1
                0x00000000000015d2       0x2a src/simply/simply_stage.c.21.o
 .text.layer_update_callback
                0x00000000000015fc      0x274 src/simply/simply_stage.c.21.o
 .text.animation_stopped
                0x0000000000001870       0x36 src/simply/simply_stage.c.21.o
 *fill*         0x00000000000018a6        0x2 
 .text.simply_stage_auto_element
                0x00000000000018a8       0x80 src/simply/simply_stage.c.21.o
                0x00000000000018a8                simply_stage_auto_element
 .text.simply_stage_remove_element
                0x0000000000001928       0x24 src/simply/simply_stage.c.21.o
                0x0000000000001928                simply_stage_remove_element
 .text.simply_stage_insert_element
                0x000000000000194c       0x44 src/simply/simply_stage.c.21.o
                0x000000000000194c                simply_stage_insert_element
 .text.simply_stage_set_element_frame
                0x0000000000001990       0x2e src/simply/simply_stage.c.21.o
                0x0000000000001990                simply_stage_set_element_frame
 *fill*         0x00000000000019be        0x2 
 .text.simply_stage_animate_element
                0x00000000000019c0       0xbc src/simply/simply_stage.c.21.o
                0x00000000000019c0                simply_stage_animate_element
 .text.simply_stage_update
                0x0000000000001a7c        0xa src/simply/simply_stage.c.21.o
                0x0000000000001a7c                simply_stage_update
 .text.element_frame_setter
                0x0000000000001a86       0x20 src/simply/simply_stage.c.21.o
 *fill*         0x0000000000001aa6        0x2 
 .text.simply_stage_update_ticker
                0x0000000000001aa8       0x2c src/simply/simply_stage.c.21.o
                0x0000000000001aa8                simply_stage_update_ticker
 .text.window_appear
                0x0000000000001ad4       0x1c src/simply/simply_stage.c.21.o
 .text.simply_stage_clear
                0x0000000000001af0       0x62 src/simply/simply_stage.c.21.o
                0x0000000000001af0                simply_stage_clear
 .text.window_disappear
                0x0000000000001b52       0x1c src/simply/simply_stage.c.21.o
 *fill*         0x0000000000001b6e        0x2 
 .text.simply_stage_create
                0x0000000000001b70       0x58 src/simply/simply_stage.c.21.o
                0x0000000000001b70                simply_stage_create
 .text.simply_stage_destroy
                0x0000000000001bc8       0x16 src/simply/simply_stage.c.21.o
                0x0000000000001bc8                simply_stage_destroy
 .text.window_unload
                0x0000000000001bde       0x1e src/simply/simply_ui.c.21.o
 .text.window_disappear
                0x0000000000001bfc       0x14 src/simply/simply_ui.c.21.o
 .text.window_appear
                0x0000000000001c10       0x14 src/simply/simply_ui.c.21.o
 .text.graphics_draw_bitmap_centered
                0x0000000000001c24       0x4e src/simply/simply_ui.c.21.o
 .text.show_welcome_text
                0x0000000000001c72       0x18 src/simply/simply_ui.c.21.o
 *fill*         0x0000000000001c8a        0x2 
 .text.layer_update_callback
                0x0000000000001c8c      0x474 src/simply/simply_ui.c.21.o
 .text.simply_ui_set_style
                0x0000000000002100       0x38 src/simply/simply_ui.c.21.o
                0x0000000000002100                simply_ui_set_style
 .text.window_load
                0x0000000000002138       0x68 src/simply/simply_ui.c.21.o
 .text.simply_ui_set_text
                0x00000000000021a0       0x6a src/simply/simply_ui.c.21.o
                0x00000000000021a0                simply_ui_set_text
 .text.simply_ui_clear
                0x000000000000220a       0x4a src/simply/simply_ui.c.21.o
                0x000000000000220a                simply_ui_clear
 .text.simply_ui_create
                0x0000000000002254       0x68 src/simply/simply_ui.c.21.o
                0x0000000000002254                simply_ui_create
 .text.simply_ui_destroy
                0x00000000000022bc       0x2a src/simply/simply_ui.c.21.o
                0x00000000000022bc                simply_ui_destroy
 .text.long_click_handler
                0x00000000000022e6       0x2a src/simply/simply_window.c.21.o
 .text.simply_window_single_click_handler
                0x0000000000002310       0x50 src/simply/simply_window.c.21.o
                0x0000000000002310                simply_window_single_click_handler
 .text.scroll_layer_set_click_config_provider_onto_window.constprop.1
                0x0000000000002360       0x30 src/simply/simply_window.c.21.o
 .text.click_config_provider
                0x0000000000002390       0x78 src/simply/simply_window.c.21.o
 .text.simply_window_set_scrollable
                0x0000000000002408       0x6a src/simply/simply_window.c.21.o
                0x0000000000002408                simply_window_set_scrollable
 .text.simply_window_set_fullscreen
                0x0000000000002472       0x68 src/simply/simply_window.c.21.o
                0x0000000000002472                simply_window_set_fullscreen
 .text.simply_window_set_background_color
                0x00000000000024da        0xa src/simply/simply_window.c.21.o
                0x00000000000024da                simply_window_set_background_color
 .text.simply_window_set_action_bar
                0x00000000000024e4       0x48 src/simply/simply_window.c.21.o
                0x00000000000024e4                simply_window_set_action_bar
 .text.simply_window_set_action_bar_icon
                0x000000000000252c       0x3a src/simply/simply_window.c.21.o
                0x000000000000252c                simply_window_set_action_bar_icon
 .text.simply_window_set_action_bar_background_color
                0x0000000000002566       0x1a src/simply/simply_window.c.21.o
                0x0000000000002566                simply_window_set_action_bar_background_color
 .text.simply_window_action_bar_clear
                0x0000000000002580       0x26 src/simply/simply_window.c.21.o
                0x0000000000002580                simply_window_action_bar_clear
 .text.simply_window_load
                0x00000000000025a6       0x50 src/simply/simply_window.c.21.o
                0x00000000000025a6                simply_window_load
 .text.simply_window_unload
                0x00000000000025f6       0x10 src/simply/simply_window.c.21.o
                0x00000000000025f6                simply_window_unload
 *fill*         0x0000000000002606        0x2 
 .text.simply_window_init
                0x0000000000002608       0x40 src/simply/simply_window.c.21.o
                0x0000000000002608                simply_window_init
 .text.simply_window_deinit
                0x0000000000002648       0x1a src/simply/simply_window.c.21.o
                0x0000000000002648                simply_window_deinit
 .text.simply_window_stack_show
                0x0000000000002662       0x4e src/simply/simply_window_stack.c.21.o
                0x0000000000002662                simply_window_stack_show
 .text.simply_window_stack_pop
                0x00000000000026b0       0x26 src/simply/simply_window_stack.c.21.o
                0x00000000000026b0                simply_window_stack_pop
 .text.simply_window_stack_send_show
                0x00000000000026d6       0x12 src/simply/simply_window_stack.c.21.o
                0x00000000000026d6                simply_window_stack_send_show
 .text.simply_window_stack_send_hide
                0x00000000000026e8       0x2a src/simply/simply_window_stack.c.21.o
                0x00000000000026e8                simply_window_stack_send_hide
 .text.simply_window_stack_back
                0x0000000000002712       0x1a src/simply/simply_window_stack.c.21.o
                0x0000000000002712                simply_window_stack_back
 .text.simply_window_stack_create
                0x000000000000272c       0x20 src/simply/simply_window_stack.c.21.o
                0x000000000000272c                simply_window_stack_create
 .text.simply_window_stack_destroy
                0x000000000000274c       0x1c src/simply/simply_window_stack.c.21.o
                0x000000000000274c                simply_window_stack_destroy
 .text.accel_data_service_unsubscribe
                0x0000000000002768        0xc /Users/zatipnis/pebble-dev/PebbleSDK-2.7/Pebble/lib/libpebble.a(tmpu_Elzfpebble.o)
                0x0000000000002768                accel_data_service_unsubscribe
 .text.accel_service_peek
                0x0000000000002774        0xc /Users/zatipnis/pebble-dev/PebbleSDK-2.7/Pebble/lib/libpebble.a(tmpu_Elzfpebble.o)
                0x0000000000002774                accel_service_peek
 .text.accel_service_set_sampling_rate
                0x0000000000002780        0xc /Users/zatipnis/pebble-dev/PebbleSDK-2.7/Pebble/lib/libpebble.a(tmpu_Elzfpebble.o)
                0x0000000000002780                accel_service_set_sampling_rate
 .text.accel_tap_service_subscribe
                0x000000000000278c        0xc /Users/zatipnis/pebble-dev/PebbleSDK-2.7/Pebble/lib/libpebble.a(tmpu_Elzfpebble.o)
                0x000000000000278c                accel_tap_service_subscribe
 .text.accel_tap_service_unsubscribe
                0x0000000000002798        0xc /Users/zatipnis/pebble-dev/PebbleSDK-2.7/Pebble/lib/libpebble.a(tmpu_Elzfpebble.o)
                0x0000000000002798                accel_tap_service_unsubscribe
 .text.action_bar_layer_add_to_window
                0x00000000000027a4        0xc /Users/zatipnis/pebble-dev/PebbleSDK-2.7/Pebble/lib/libpebble.a(tmpu_Elzfpebble.o)
                0x00000000000027a4                action_bar_layer_add_to_window
 .text.action_bar_layer_clear_icon
                0x00000000000027b0        0xc /Users/zatipnis/pebble-dev/PebbleSDK-2.7/Pebble/lib/libpebble.a(tmpu_Elzfpebble.o)
                0x00000000000027b0                action_bar_layer_clear_icon
 .text.action_bar_layer_create
                0x00000000000027bc        0xc /Users/zatipnis/pebble-dev/PebbleSDK-2.7/Pebble/lib/libpebble.a(tmpu_Elzfpebble.o)
                0x00000000000027bc                action_bar_layer_create
 .text.action_bar_layer_destroy
                0x00000000000027c8        0xc /Users/zatipnis/pebble-dev/PebbleSDK-2.7/Pebble/lib/libpebble.a(tmpu_Elzfpebble.o)
                0x00000000000027c8                action_bar_layer_destroy
 .text.action_bar_layer_remove_from_window
                0x00000000000027d4        0xc /Users/zatipnis/pebble-dev/PebbleSDK-2.7/Pebble/lib/libpebble.a(tmpu_Elzfpebble.o)
                0x00000000000027d4                action_bar_layer_remove_from_window
 .text.action_bar_layer_set_background_color
                0x00000000000027e0        0xc /Users/zatipnis/pebble-dev/PebbleSDK-2.7/Pebble/lib/libpebble.a(tmpu_Elzfpebble.o)
                0x00000000000027e0                action_bar_layer_set_background_color
 .text.action_bar_layer_set_click_config_provider
                0x00000000000027ec        0xc /Users/zatipnis/pebble-dev/PebbleSDK-2.7/Pebble/lib/libpebble.a(tmpu_Elzfpebble.o)
                0x00000000000027ec                action_bar_layer_set_click_config_provider
 .text.action_bar_layer_set_context
                0x00000000000027f8        0xc /Users/zatipnis/pebble-dev/PebbleSDK-2.7/Pebble/lib/libpebble.a(tmpu_Elzfpebble.o)
                0x00000000000027f8                action_bar_layer_set_context
 .text.action_bar_layer_set_icon
                0x0000000000002804        0xc /Users/zatipnis/pebble-dev/PebbleSDK-2.7/Pebble/lib/libpebble.a(tmpu_Elzfpebble.o)
                0x0000000000002804                action_bar_layer_set_icon
 .text.animation_schedule
                0x0000000000002810        0xc /Users/zatipnis/pebble-dev/PebbleSDK-2.7/Pebble/lib/libpebble.a(tmpu_Elzfpebble.o)
                0x0000000000002810                animation_schedule
 .text.animation_set_curve
                0x000000000000281c        0xc /Users/zatipnis/pebble-dev/PebbleSDK-2.7/Pebble/lib/libpebble.a(tmpu_Elzfpebble.o)
                0x000000000000281c                animation_set_curve
 .text.animation_set_duration
                0x0000000000002828        0xc /Users/zatipnis/pebble-dev/PebbleSDK-2.7/Pebble/lib/libpebble.a(tmpu_Elzfpebble.o)
                0x0000000000002828                animation_set_duration
 .text.animation_set_handlers
                0x0000000000002834        0xc /Users/zatipnis/pebble-dev/PebbleSDK-2.7/Pebble/lib/libpebble.a(tmpu_Elzfpebble.o)
                0x0000000000002834                animation_set_handlers
 .text.animation_unschedule
                0x0000000000002840        0xc /Users/zatipnis/pebble-dev/PebbleSDK-2.7/Pebble/lib/libpebble.a(tmpu_Elzfpebble.o)
                0x0000000000002840                animation_unschedule
 .text.app_event_loop
                0x000000000000284c        0xc /Users/zatipnis/pebble-dev/PebbleSDK-2.7/Pebble/lib/libpebble.a(tmpu_Elzfpebble.o)
                0x000000000000284c                app_event_loop
 .text.app_message_deregister_callbacks
                0x0000000000002858        0xc /Users/zatipnis/pebble-dev/PebbleSDK-2.7/Pebble/lib/libpebble.a(tmpu_Elzfpebble.o)
                0x0000000000002858                app_message_deregister_callbacks
 .text.app_message_open
                0x0000000000002864        0xc /Users/zatipnis/pebble-dev/PebbleSDK-2.7/Pebble/lib/libpebble.a(tmpu_Elzfpebble.o)
                0x0000000000002864                app_message_open
 .text.app_timer_cancel
                0x0000000000002870        0xc /Users/zatipnis/pebble-dev/PebbleSDK-2.7/Pebble/lib/libpebble.a(tmpu_Elzfpebble.o)
                0x0000000000002870                app_timer_cancel
 .text.app_timer_register
                0x000000000000287c        0xc /Users/zatipnis/pebble-dev/PebbleSDK-2.7/Pebble/lib/libpebble.a(tmpu_Elzfpebble.o)
                0x000000000000287c                app_timer_register
 .text.click_recognizer_get_button_id
                0x0000000000002888        0xc /Users/zatipnis/pebble-dev/PebbleSDK-2.7/Pebble/lib/libpebble.a(tmpu_Elzfpebble.o)
                0x0000000000002888                click_recognizer_get_button_id
 .text.dict_find
                0x0000000000002894        0xc /Users/zatipnis/pebble-dev/PebbleSDK-2.7/Pebble/lib/libpebble.a(tmpu_Elzfpebble.o)
                0x0000000000002894                dict_find
 .text.dict_write_data
                0x00000000000028a0        0xc /Users/zatipnis/pebble-dev/PebbleSDK-2.7/Pebble/lib/libpebble.a(tmpu_Elzfpebble.o)
                0x00000000000028a0                dict_write_data
 .text.fonts_get_system_font
                0x00000000000028ac        0xc /Users/zatipnis/pebble-dev/PebbleSDK-2.7/Pebble/lib/libpebble.a(tmpu_Elzfpebble.o)
                0x00000000000028ac                fonts_get_system_font
 .text.fonts_load_custom_font
                0x00000000000028b8        0xc /Users/zatipnis/pebble-dev/PebbleSDK-2.7/Pebble/lib/libpebble.a(tmpu_Elzfpebble.o)
                0x00000000000028b8                fonts_load_custom_font
 .text.fonts_unload_custom_font
                0x00000000000028c4        0xc /Users/zatipnis/pebble-dev/PebbleSDK-2.7/Pebble/lib/libpebble.a(tmpu_Elzfpebble.o)
                0x00000000000028c4                fonts_unload_custom_font
 .text.free     0x00000000000028d0        0xc /Users/zatipnis/pebble-dev/PebbleSDK-2.7/Pebble/lib/libpebble.a(tmpu_Elzfpebble.o)
                0x00000000000028d0                free
 .text.gbitmap_create_with_resource
                0x00000000000028dc        0xc /Users/zatipnis/pebble-dev/PebbleSDK-2.7/Pebble/lib/libpebble.a(tmpu_Elzfpebble.o)
                0x00000000000028dc                gbitmap_create_with_resource
 .text.gbitmap_destroy
                0x00000000000028e8        0xc /Users/zatipnis/pebble-dev/PebbleSDK-2.7/Pebble/lib/libpebble.a(tmpu_Elzfpebble.o)
                0x00000000000028e8                gbitmap_destroy
 .text.graphics_context_set_compositing_mode
                0x00000000000028f4        0xc /Users/zatipnis/pebble-dev/PebbleSDK-2.7/Pebble/lib/libpebble.a(tmpu_Elzfpebble.o)
                0x00000000000028f4                graphics_context_set_compositing_mode
 .text.graphics_context_set_fill_color
                0x0000000000002900        0xc /Users/zatipnis/pebble-dev/PebbleSDK-2.7/Pebble/lib/libpebble.a(tmpu_Elzfpebble.o)
                0x0000000000002900                graphics_context_set_fill_color
 .text.graphics_context_set_stroke_color
                0x000000000000290c        0xc /Users/zatipnis/pebble-dev/PebbleSDK-2.7/Pebble/lib/libpebble.a(tmpu_Elzfpebble.o)
                0x000000000000290c                graphics_context_set_stroke_color
 .text.graphics_context_set_text_color
                0x0000000000002918        0xc /Users/zatipnis/pebble-dev/PebbleSDK-2.7/Pebble/lib/libpebble.a(tmpu_Elzfpebble.o)
                0x0000000000002918                graphics_context_set_text_color
 .text.graphics_draw_bitmap_in_rect
                0x0000000000002924        0xc /Users/zatipnis/pebble-dev/PebbleSDK-2.7/Pebble/lib/libpebble.a(tmpu_Elzfpebble.o)
                0x0000000000002924                graphics_draw_bitmap_in_rect
 .text.graphics_draw_circle
                0x0000000000002930        0xc /Users/zatipnis/pebble-dev/PebbleSDK-2.7/Pebble/lib/libpebble.a(tmpu_Elzfpebble.o)
                0x0000000000002930                graphics_draw_circle
 .text.graphics_draw_round_rect
                0x000000000000293c        0xc /Users/zatipnis/pebble-dev/PebbleSDK-2.7/Pebble/lib/libpebble.a(tmpu_Elzfpebble.o)
                0x000000000000293c                graphics_draw_round_rect
 .text.graphics_fill_circle
                0x0000000000002948        0xc /Users/zatipnis/pebble-dev/PebbleSDK-2.7/Pebble/lib/libpebble.a(tmpu_Elzfpebble.o)
                0x0000000000002948                graphics_fill_circle
 .text.graphics_fill_rect
                0x0000000000002954        0xc /Users/zatipnis/pebble-dev/PebbleSDK-2.7/Pebble/lib/libpebble.a(tmpu_Elzfpebble.o)
                0x0000000000002954                graphics_fill_rect
 .text.inverter_layer_create
                0x0000000000002960        0xc /Users/zatipnis/pebble-dev/PebbleSDK-2.7/Pebble/lib/libpebble.a(tmpu_Elzfpebble.o)
                0x0000000000002960                inverter_layer_create
 .text.inverter_layer_destroy
                0x000000000000296c        0xc /Users/zatipnis/pebble-dev/PebbleSDK-2.7/Pebble/lib/libpebble.a(tmpu_Elzfpebble.o)
                0x000000000000296c                inverter_layer_destroy
 .text.inverter_layer_get_layer
                0x0000000000002978        0xc /Users/zatipnis/pebble-dev/PebbleSDK-2.7/Pebble/lib/libpebble.a(tmpu_Elzfpebble.o)
                0x0000000000002978                inverter_layer_get_layer
 .text.layer_add_child
                0x0000000000002984        0xc /Users/zatipnis/pebble-dev/PebbleSDK-2.7/Pebble/lib/libpebble.a(tmpu_Elzfpebble.o)
                0x0000000000002984                layer_add_child
 .text.layer_create_with_data
                0x0000000000002990        0xc /Users/zatipnis/pebble-dev/PebbleSDK-2.7/Pebble/lib/libpebble.a(tmpu_Elzfpebble.o)
                0x0000000000002990                layer_create_with_data
 .text.layer_destroy
                0x000000000000299c        0xc /Users/zatipnis/pebble-dev/PebbleSDK-2.7/Pebble/lib/libpebble.a(tmpu_Elzfpebble.o)
                0x000000000000299c                layer_destroy
 .text.layer_get_bounds
                0x00000000000029a8        0xc /Users/zatipnis/pebble-dev/PebbleSDK-2.7/Pebble/lib/libpebble.a(tmpu_Elzfpebble.o)
                0x00000000000029a8                layer_get_bounds
 .text.layer_get_data
                0x00000000000029b4        0xc /Users/zatipnis/pebble-dev/PebbleSDK-2.7/Pebble/lib/libpebble.a(tmpu_Elzfpebble.o)
                0x00000000000029b4                layer_get_data
 .text.layer_get_frame
                0x00000000000029c0        0xc /Users/zatipnis/pebble-dev/PebbleSDK-2.7/Pebble/lib/libpebble.a(tmpu_Elzfpebble.o)
                0x00000000000029c0                layer_get_frame
 .text.layer_get_window
                0x00000000000029cc        0xc /Users/zatipnis/pebble-dev/PebbleSDK-2.7/Pebble/lib/libpebble.a(tmpu_Elzfpebble.o)
                0x00000000000029cc                layer_get_window
 .text.layer_mark_dirty
                0x00000000000029d8        0xc /Users/zatipnis/pebble-dev/PebbleSDK-2.7/Pebble/lib/libpebble.a(tmpu_Elzfpebble.o)
                0x00000000000029d8                layer_mark_dirty
 .text.layer_remove_from_parent
                0x00000000000029e4        0xc /Users/zatipnis/pebble-dev/PebbleSDK-2.7/Pebble/lib/libpebble.a(tmpu_Elzfpebble.o)
                0x00000000000029e4                layer_remove_from_parent
 .text.layer_set_bounds
                0x00000000000029f0        0xc /Users/zatipnis/pebble-dev/PebbleSDK-2.7/Pebble/lib/libpebble.a(tmpu_Elzfpebble.o)
                0x00000000000029f0                layer_set_bounds
 .text.layer_set_frame
                0x00000000000029fc        0xc /Users/zatipnis/pebble-dev/PebbleSDK-2.7/Pebble/lib/libpebble.a(tmpu_Elzfpebble.o)
                0x00000000000029fc                layer_set_frame
 .text.layer_set_update_proc
                0x0000000000002a08        0xc /Users/zatipnis/pebble-dev/PebbleSDK-2.7/Pebble/lib/libpebble.a(tmpu_Elzfpebble.o)
                0x0000000000002a08                layer_set_update_proc
 .text.localtime
                0x0000000000002a14        0xc /Users/zatipnis/pebble-dev/PebbleSDK-2.7/Pebble/lib/libpebble.a(tmpu_Elzfpebble.o)
                0x0000000000002a14                localtime
 .text.malloc   0x0000000000002a20        0xc /Users/zatipnis/pebble-dev/PebbleSDK-2.7/Pebble/lib/libpebble.a(tmpu_Elzfpebble.o)
                0x0000000000002a20                malloc
 .text.memcpy   0x0000000000002a2c        0xc /Users/zatipnis/pebble-dev/PebbleSDK-2.7/Pebble/lib/libpebble.a(tmpu_Elzfpebble.o)
                0x0000000000002a2c                memcpy
 .text.memset   0x0000000000002a38        0xc /Users/zatipnis/pebble-dev/PebbleSDK-2.7/Pebble/lib/libpebble.a(tmpu_Elzfpebble.o)
                0x0000000000002a38                memset
 .text.menu_cell_basic_draw
                0x0000000000002a44        0xc /Users/zatipnis/pebble-dev/PebbleSDK-2.7/Pebble/lib/libpebble.a(tmpu_Elzfpebble.o)
                0x0000000000002a44                menu_cell_basic_draw
 .text.menu_cell_basic_header_draw
                0x0000000000002a50        0xc /Users/zatipnis/pebble-dev/PebbleSDK-2.7/Pebble/lib/libpebble.a(tmpu_Elzfpebble.o)
                0x0000000000002a50                menu_cell_basic_header_draw
 .text.menu_layer_create
                0x0000000000002a5c        0xc /Users/zatipnis/pebble-dev/PebbleSDK-2.7/Pebble/lib/libpebble.a(tmpu_Elzfpebble.o)
                0x0000000000002a5c                menu_layer_create
 .text.menu_layer_destroy
                0x0000000000002a68        0xc /Users/zatipnis/pebble-dev/PebbleSDK-2.7/Pebble/lib/libpebble.a(tmpu_Elzfpebble.o)
                0x0000000000002a68                menu_layer_destroy
 .text.menu_layer_get_layer
                0x0000000000002a74        0xc /Users/zatipnis/pebble-dev/PebbleSDK-2.7/Pebble/lib/libpebble.a(tmpu_Elzfpebble.o)
                0x0000000000002a74                menu_layer_get_layer
 .text.menu_layer_get_selected_index
                0x0000000000002a80        0xc /Users/zatipnis/pebble-dev/PebbleSDK-2.7/Pebble/lib/libpebble.a(tmpu_Elzfpebble.o)
                0x0000000000002a80                menu_layer_get_selected_index
 .text.menu_layer_reload_data
                0x0000000000002a8c        0xc /Users/zatipnis/pebble-dev/PebbleSDK-2.7/Pebble/lib/libpebble.a(tmpu_Elzfpebble.o)
                0x0000000000002a8c                menu_layer_reload_data
 .text.menu_layer_set_click_config_onto_window
                0x0000000000002a98        0xc /Users/zatipnis/pebble-dev/PebbleSDK-2.7/Pebble/lib/libpebble.a(tmpu_Elzfpebble.o)
                0x0000000000002a98                menu_layer_set_click_config_onto_window
 .text.menu_layer_set_selected_index
                0x0000000000002aa4        0xc /Users/zatipnis/pebble-dev/PebbleSDK-2.7/Pebble/lib/libpebble.a(tmpu_Elzfpebble.o)
                0x0000000000002aa4                menu_layer_set_selected_index
 .text.property_animation_create
                0x0000000000002ab0        0xc /Users/zatipnis/pebble-dev/PebbleSDK-2.7/Pebble/lib/libpebble.a(tmpu_Elzfpebble.o)
                0x0000000000002ab0                property_animation_create
 .text.property_animation_update_grect
                0x0000000000002abc        0xc /Users/zatipnis/pebble-dev/PebbleSDK-2.7/Pebble/lib/libpebble.a(tmpu_Elzfpebble.o)
                0x0000000000002abc                property_animation_update_grect
 .text.resource_get_handle
                0x0000000000002ac8        0xc /Users/zatipnis/pebble-dev/PebbleSDK-2.7/Pebble/lib/libpebble.a(tmpu_Elzfpebble.o)
                0x0000000000002ac8                resource_get_handle
 .text.scroll_layer_add_child
                0x0000000000002ad4        0xc /Users/zatipnis/pebble-dev/PebbleSDK-2.7/Pebble/lib/libpebble.a(tmpu_Elzfpebble.o)
                0x0000000000002ad4                scroll_layer_add_child
 .text.scroll_layer_create
                0x0000000000002ae0        0xc /Users/zatipnis/pebble-dev/PebbleSDK-2.7/Pebble/lib/libpebble.a(tmpu_Elzfpebble.o)
                0x0000000000002ae0                scroll_layer_create
 .text.scroll_layer_destroy
                0x0000000000002aec        0xc /Users/zatipnis/pebble-dev/PebbleSDK-2.7/Pebble/lib/libpebble.a(tmpu_Elzfpebble.o)
                0x0000000000002aec                scroll_layer_destroy
 .text.scroll_layer_get_content_offset
                0x0000000000002af8        0xc /Users/zatipnis/pebble-dev/PebbleSDK-2.7/Pebble/lib/libpebble.a(tmpu_Elzfpebble.o)
                0x0000000000002af8                scroll_layer_get_content_offset
 .text.scroll_layer_get_layer
                0x0000000000002b04        0xc /Users/zatipnis/pebble-dev/PebbleSDK-2.7/Pebble/lib/libpebble.a(tmpu_Elzfpebble.o)
                0x0000000000002b04                scroll_layer_get_layer
 .text.scroll_layer_set_click_config_onto_window
                0x0000000000002b10        0xc /Users/zatipnis/pebble-dev/PebbleSDK-2.7/Pebble/lib/libpebble.a(tmpu_Elzfpebble.o)
                0x0000000000002b10                scroll_layer_set_click_config_onto_window
 .text.scroll_layer_set_content_offset
                0x0000000000002b1c        0xc /Users/zatipnis/pebble-dev/PebbleSDK-2.7/Pebble/lib/libpebble.a(tmpu_Elzfpebble.o)
                0x0000000000002b1c                scroll_layer_set_content_offset
 .text.scroll_layer_set_content_size
                0x0000000000002b28        0xc /Users/zatipnis/pebble-dev/PebbleSDK-2.7/Pebble/lib/libpebble.a(tmpu_Elzfpebble.o)
                0x0000000000002b28                scroll_layer_set_content_size
 .text.scroll_layer_set_context
                0x0000000000002b34        0xc /Users/zatipnis/pebble-dev/PebbleSDK-2.7/Pebble/lib/libpebble.a(tmpu_Elzfpebble.o)
                0x0000000000002b34                scroll_layer_set_context
 .text.scroll_layer_set_frame
                0x0000000000002b40        0xc /Users/zatipnis/pebble-dev/PebbleSDK-2.7/Pebble/lib/libpebble.a(tmpu_Elzfpebble.o)
                0x0000000000002b40                scroll_layer_set_frame
 .text.strftime
                0x0000000000002b4c        0xc /Users/zatipnis/pebble-dev/PebbleSDK-2.7/Pebble/lib/libpebble.a(tmpu_Elzfpebble.o)
                0x0000000000002b4c                strftime
 .text.strlen   0x0000000000002b58        0xc /Users/zatipnis/pebble-dev/PebbleSDK-2.7/Pebble/lib/libpebble.a(tmpu_Elzfpebble.o)
                0x0000000000002b58                strlen
 .text.strncpy  0x0000000000002b64        0xc /Users/zatipnis/pebble-dev/PebbleSDK-2.7/Pebble/lib/libpebble.a(tmpu_Elzfpebble.o)
                0x0000000000002b64                strncpy
 .text.tick_timer_service_subscribe
                0x0000000000002b70        0xc /Users/zatipnis/pebble-dev/PebbleSDK-2.7/Pebble/lib/libpebble.a(tmpu_Elzfpebble.o)
                0x0000000000002b70                tick_timer_service_subscribe
 .text.tick_timer_service_unsubscribe
                0x0000000000002b7c        0xc /Users/zatipnis/pebble-dev/PebbleSDK-2.7/Pebble/lib/libpebble.a(tmpu_Elzfpebble.o)
                0x0000000000002b7c                tick_timer_service_unsubscribe
 .text.time     0x0000000000002b88        0xc /Users/zatipnis/pebble-dev/PebbleSDK-2.7/Pebble/lib/libpebble.a(tmpu_Elzfpebble.o)
                0x0000000000002b88                time
 .text.vibes_double_pulse
                0x0000000000002b94        0xc /Users/zatipnis/pebble-dev/PebbleSDK-2.7/Pebble/lib/libpebble.a(tmpu_Elzfpebble.o)
                0x0000000000002b94                vibes_double_pulse
 .text.vibes_short_pulse
                0x0000000000002ba0        0xc /Users/zatipnis/pebble-dev/PebbleSDK-2.7/Pebble/lib/libpebble.a(tmpu_Elzfpebble.o)
                0x0000000000002ba0                vibes_short_pulse
 .text.window_create
                0x0000000000002bac        0xc /Users/zatipnis/pebble-dev/PebbleSDK-2.7/Pebble/lib/libpebble.a(tmpu_Elzfpebble.o)
                0x0000000000002bac                window_create
 .text.window_destroy
                0x0000000000002bb8        0xc /Users/zatipnis/pebble-dev/PebbleSDK-2.7/Pebble/lib/libpebble.a(tmpu_Elzfpebble.o)
                0x0000000000002bb8                window_destroy
 .text.window_get_click_config_provider
                0x0000000000002bc4        0xc /Users/zatipnis/pebble-dev/PebbleSDK-2.7/Pebble/lib/libpebble.a(tmpu_Elzfpebble.o)
                0x0000000000002bc4                window_get_click_config_provider
 .text.window_get_root_layer
                0x0000000000002bd0        0xc /Users/zatipnis/pebble-dev/PebbleSDK-2.7/Pebble/lib/libpebble.a(tmpu_Elzfpebble.o)
                0x0000000000002bd0                window_get_root_layer
 .text.window_set_background_color
                0x0000000000002bdc        0xc /Users/zatipnis/pebble-dev/PebbleSDK-2.7/Pebble/lib/libpebble.a(tmpu_Elzfpebble.o)
                0x0000000000002bdc                window_set_background_color
 .text.window_set_click_config_provider_with_context
                0x0000000000002be8        0xc /Users/zatipnis/pebble-dev/PebbleSDK-2.7/Pebble/lib/libpebble.a(tmpu_Elzfpebble.o)
                0x0000000000002be8                window_set_click_config_provider_with_context
 .text.window_set_fullscreen
                0x0000000000002bf4        0xc /Users/zatipnis/pebble-dev/PebbleSDK-2.7/Pebble/lib/libpebble.a(tmpu_Elzfpebble.o)
                0x0000000000002bf4                window_set_fullscreen
 .text.window_set_window_handlers
                0x0000000000002c00        0xc /Users/zatipnis/pebble-dev/PebbleSDK-2.7/Pebble/lib/libpebble.a(tmpu_Elzfpebble.o)
                0x0000000000002c00                window_set_window_handlers
 .text.window_stack_contains_window
                0x0000000000002c0c        0xc /Users/zatipnis/pebble-dev/PebbleSDK-2.7/Pebble/lib/libpebble.a(tmpu_Elzfpebble.o)
                0x0000000000002c0c                window_stack_contains_window
 .text.window_stack_get_top_window
                0x0000000000002c18        0xc /Users/zatipnis/pebble-dev/PebbleSDK-2.7/Pebble/lib/libpebble.a(tmpu_Elzfpebble.o)
                0x0000000000002c18                window_stack_get_top_window
 .text.window_stack_pop
                0x0000000000002c24        0xc /Users/zatipnis/pebble-dev/PebbleSDK-2.7/Pebble/lib/libpebble.a(tmpu_Elzfpebble.o)
                0x0000000000002c24                window_stack_pop
 .text.window_stack_pop_all
                0x0000000000002c30        0xc /Users/zatipnis/pebble-dev/PebbleSDK-2.7/Pebble/lib/libpebble.a(tmpu_Elzfpebble.o)
                0x0000000000002c30                window_stack_pop_all
 .text.window_stack_push
                0x0000000000002c3c        0xc /Users/zatipnis/pebble-dev/PebbleSDK-2.7/Pebble/lib/libpebble.a(tmpu_Elzfpebble.o)
                0x0000000000002c3c                window_stack_push
 .text.window_stack_remove
                0x0000000000002c48        0xc /Users/zatipnis/pebble-dev/PebbleSDK-2.7/Pebble/lib/libpebble.a(tmpu_Elzfpebble.o)
                0x0000000000002c48                window_stack_remove
 .text.window_get_user_data
                0x0000000000002c54        0xc /Users/zatipnis/pebble-dev/PebbleSDK-2.7/Pebble/lib/libpebble.a(tmpu_Elzfpebble.o)
                0x0000000000002c54                window_get_user_data
 .text.window_set_user_data
                0x0000000000002c60        0xc /Users/zatipnis/pebble-dev/PebbleSDK-2.7/Pebble/lib/libpebble.a(tmpu_Elzfpebble.o)
                0x0000000000002c60                window_set_user_data
 .text.app_message_outbox_begin
                0x0000000000002c6c        0xc /Users/zatipnis/pebble-dev/PebbleSDK-2.7/Pebble/lib/libpebble.a(tmpu_Elzfpebble.o)
                0x0000000000002c6c                app_message_outbox_begin
 .text.app_message_outbox_send
                0x0000000000002c78        0xc /Users/zatipnis/pebble-dev/PebbleSDK-2.7/Pebble/lib/libpebble.a(tmpu_Elzfpebble.o)
                0x0000000000002c78                app_message_outbox_send
 .text.app_message_register_inbox_dropped
                0x0000000000002c84        0xc /Users/zatipnis/pebble-dev/PebbleSDK-2.7/Pebble/lib/libpebble.a(tmpu_Elzfpebble.o)
                0x0000000000002c84                app_message_register_inbox_dropped
 .text.app_message_register_inbox_received
                0x0000000000002c90        0xc /Users/zatipnis/pebble-dev/PebbleSDK-2.7/Pebble/lib/libpebble.a(tmpu_Elzfpebble.o)
                0x0000000000002c90                app_message_register_inbox_received
 .text.app_message_register_outbox_failed
                0x0000000000002c9c        0xc /Users/zatipnis/pebble-dev/PebbleSDK-2.7/Pebble/lib/libpebble.a(tmpu_Elzfpebble.o)
                0x0000000000002c9c                app_message_register_outbox_failed
 .text.app_message_register_outbox_sent
                0x0000000000002ca8        0xc /Users/zatipnis/pebble-dev/PebbleSDK-2.7/Pebble/lib/libpebble.a(tmpu_Elzfpebble.o)
                0x0000000000002ca8                app_message_register_outbox_sent
 .text.app_message_set_context
                0x0000000000002cb4        0xc /Users/zatipnis/pebble-dev/PebbleSDK-2.7/Pebble/lib/libpebble.a(tmpu_Elzfpebble.o)
                0x0000000000002cb4                app_message_set_context
 .text.window_long_click_subscribe
                0x0000000000002cc0        0xc /Users/zatipnis/pebble-dev/PebbleSDK-2.7/Pebble/lib/libpebble.a(tmpu_Elzfpebble.o)
                0x0000000000002cc0                window_long_click_subscribe
 .text.window_set_click_context
                0x0000000000002ccc        0xc /Users/zatipnis/pebble-dev/PebbleSDK-2.7/Pebble/lib/libpebble.a(tmpu_Elzfpebble.o)
                0x0000000000002ccc                window_set_click_context
 .text.window_single_click_subscribe
                0x0000000000002cd8        0xc /Users/zatipnis/pebble-dev/PebbleSDK-2.7/Pebble/lib/libpebble.a(tmpu_Elzfpebble.o)
                0x0000000000002cd8                window_single_click_subscribe
 .text.graphics_draw_text
                0x0000000000002ce4        0xc /Users/zatipnis/pebble-dev/PebbleSDK-2.7/Pebble/lib/libpebble.a(tmpu_Elzfpebble.o)
                0x0000000000002ce4                graphics_draw_text
 .text.graphics_text_layout_get_content_size
                0x0000000000002cf0        0xc /Users/zatipnis/pebble-dev/PebbleSDK-2.7/Pebble/lib/libpebble.a(tmpu_Elzfpebble.o)
                0x0000000000002cf0                graphics_text_layout_get_content_size
 .text.accel_data_service_subscribe
                0x0000000000002cfc        0xc /Users/zatipnis/pebble-dev/PebbleSDK-2.7/Pebble/lib/libpebble.a(tmpu_Elzfpebble.o)
                0x0000000000002cfc                accel_data_service_subscribe
 .text.menu_layer_set_callbacks
                0x0000000000002d08        0xc /Users/zatipnis/pebble-dev/PebbleSDK-2.7/Pebble/lib/libpebble.a(tmpu_Elzfpebble.o)
                0x0000000000002d08                menu_layer_set_callbacks
 *(.rodata)
 *(.rodata*)
 .rodata.str1.1
                0x0000000000002d14        0xc src/simply/simply_msg.c.21.o
                                          0xf (size before relaxing)
 .rodata.str1.1
                0x0000000000002d20       0x16 src/simply/simply_stage.c.21.o
 .rodata.str1.1
                0x0000000000002d36       0x98 src/simply/simply_ui.c.21.o

.glue_7         0x0000000000002dd0        0x0
 .glue_7        0x0000000000000000        0x0 linker stubs

.glue_7t        0x0000000000002dd0        0x0
 .glue_7t       0x0000000000000000        0x0 linker stubs

.vfp11_veneer   0x0000000000002dd0        0x0
 .vfp11_veneer  0x0000000000000000        0x0 linker stubs

.v4_bx          0x0000000000002dd0        0x0
 .v4_bx         0x0000000000000000        0x0 linker stubs

.iplt           0x0000000000002dd0        0x0
 .iplt          0x0000000000000000        0x0 /Users/zatipnis/pebble-dev/PebbleSDK-2.7/arm-cs-tools/bin/../lib/gcc/arm-none-eabi/4.7.2/thumb2/crtbegin.o

.rel.dyn        0x0000000000002dd0        0x0
 .rel.iplt      0x0000000000000000        0x0 /Users/zatipnis/pebble-dev/PebbleSDK-2.7/arm-cs-tools/bin/../lib/gcc/arm-none-eabi/4.7.2/thumb2/crtbegin.o

.data           0x0000000000002dd0       0x90
 *(.data)
 .data          0x0000000000002dd0        0x0 /Users/zatipnis/pebble-dev/PebbleSDK-2.7/arm-cs-tools/bin/../lib/gcc/arm-none-eabi/4.7.2/thumb2/crti.o
 .data          0x0000000000002dd0        0x4 /Users/zatipnis/pebble-dev/PebbleSDK-2.7/arm-cs-tools/bin/../lib/gcc/arm-none-eabi/4.7.2/thumb2/crtbegin.o
                0x0000000000002dd0                __dso_handle
 .data          0x0000000000002dd4        0x0 src/main.c.21.o
 .data          0x0000000000002dd4        0x0 src/simply/simply.c.21.o
 .data          0x0000000000002dd4        0x0 src/simply/simply_accel.c.21.o
 .data          0x0000000000002dd4       0x10 src/simply/simply_menu.c.21.o
 .data          0x0000000000002de4        0x0 src/simply/simply_msg.c.21.o
 .data          0x0000000000002de4        0x0 src/simply/simply_res.c.21.o
 .data          0x0000000000002de4        0x0 src/simply/simply_splash.c.21.o
 .data          0x0000000000002de4       0x10 src/simply/simply_stage.c.21.o
 .data          0x0000000000002df4       0x10 src/simply/simply_ui.c.21.o
 .data          0x0000000000002e04        0x0 src/simply/simply_window.c.21.o
 .data          0x0000000000002e04        0x0 src/simply/simply_window_stack.c.21.o
 .data          0x0000000000002e04        0x0 appinfo.auto.c.21.o
 .data          0x0000000000002e04        0x0 /Users/zatipnis/pebble-dev/PebbleSDK-2.7/Pebble/lib/libpebble.a(tmpu_Elzfpebble.o)
 .data          0x0000000000002e04        0x0 /Users/zatipnis/pebble-dev/PebbleSDK-2.7/arm-cs-tools/bin/../lib/gcc/arm-none-eabi/4.7.2/thumb2/crtend.o
 .data          0x0000000000002e04        0x0 /Users/zatipnis/pebble-dev/PebbleSDK-2.7/arm-cs-tools/bin/../lib/gcc/arm-none-eabi/4.7.2/thumb2/crtn.o
 *(.data.*)
 .data.buffer.7738
                0x0000000000002e04        0x6 src/simply/simply_msg.c.21.o
 .data.s_broadcast_window
                0x0000000000002e0a        0x1 src/simply/simply_msg.c.21.o
 *fill*         0x0000000000002e0b        0x1 
 .data.rel.ro.implementation.7255
                0x0000000000002e0c       0x14 src/simply/simply_stage.c.21.o
 .data.rel.local.STYLES
                0x0000000000002e20       0x40 src/simply/simply_ui.c.21.o

.igot.plt       0x0000000000002e60        0x0
 .igot.plt      0x0000000000000000        0x0 /Users/zatipnis/pebble-dev/PebbleSDK-2.7/arm-cs-tools/bin/../lib/gcc/arm-none-eabi/4.7.2/thumb2/crtbegin.o

.bss            0x0000000000002e60      0x110
 *(.bss)
 *(.bss.*)
 .bss.s_accel   0x0000000000002e60        0x4 src/simply/simply_accel.c.21.o
                0x0000000000002e60                s_accel
 .bss.s_provider.7008
                0x0000000000002e64        0x4 src/simply/simply_menu.c.21.o
 .bss.EMPTY_TITLE
                0x0000000000002e68        0x1 src/simply/simply_menu.c.21.o
 .bss.s_has_communicated
                0x0000000000002e69        0x1 src/simply/simply_msg.c.21.o
 .bss.time_text.7156
                0x0000000000002e6a      0x100 src/simply/simply_stage.c.21.o
 *fill*         0x0000000000002f6a        0x2 
 .bss.s_provider.7018
                0x0000000000002f6c        0x4 src/simply/simply_window.c.21.o

DISCARD
 libc.a(*)
 libm.a(*)
 libgcc.a(*)
 *(.eh_frame)
OUTPUT(/Users/zatipnis/pebble_js_weather/build/pebble-app.elf elf32-littlearm)

.ARM.attributes
                0x0000000000000000       0x27
 .ARM.attributes
                0x0000000000000000       0x19 /Users/zatipnis/pebble-dev/PebbleSDK-2.7/arm-cs-tools/bin/../lib/gcc/arm-none-eabi/4.7.2/thumb2/crti.o
 .ARM.attributes
                0x0000000000000019       0x29 /Users/zatipnis/pebble-dev/PebbleSDK-2.7/arm-cs-tools/bin/../lib/gcc/arm-none-eabi/4.7.2/thumb2/crtbegin.o
 .ARM.attributes
                0x0000000000000042       0x33 src/main.c.21.o
 .ARM.attributes
                0x0000000000000075       0x33 src/simply/simply.c.21.o
 .ARM.attributes
                0x00000000000000a8       0x33 src/simply/simply_accel.c.21.o
 .ARM.attributes
                0x00000000000000db       0x33 src/simply/simply_menu.c.21.o
 .ARM.attributes
                0x000000000000010e       0x33 src/simply/simply_msg.c.21.o
 .ARM.attributes
                0x0000000000000141       0x33 src/simply/simply_res.c.21.o
 .ARM.attributes
                0x0000000000000174       0x33 src/simply/simply_splash.c.21.o
 .ARM.attributes
                0x00000000000001a7       0x33 src/simply/simply_stage.c.21.o
 .ARM.attributes
                0x00000000000001da       0x33 src/simply/simply_ui.c.21.o
 .ARM.attributes
                0x000000000000020d       0x33 src/simply/simply_window.c.21.o
 .ARM.attributes
                0x0000000000000240       0x33 src/simply/simply_window_stack.c.21.o
 .ARM.attributes
                0x0000000000000273       0x33 appinfo.auto.c.21.o
 .ARM.attributes
                0x00000000000002a6       0x21 /Users/zatipnis/pebble-dev/PebbleSDK-2.7/Pebble/lib/libpebble.a(tmpu_Elzfpebble.o)
 .ARM.attributes
                0x00000000000002c7       0x29 /Users/zatipnis/pebble-dev/PebbleSDK-2.7/arm-cs-tools/bin/../lib/gcc/arm-none-eabi/4.7.2/thumb2/crtend.o
 .ARM.attributes
                0x00000000000002f0       0x19 /Users/zatipnis/pebble-dev/PebbleSDK-2.7/arm-cs-tools/bin/../lib/gcc/arm-none-eabi/4.7.2/thumb2/crtn.o

.comment        0x0000000000000000       0x4e
 .comment       0x0000000000000000       0x4e /Users/zatipnis/pebble-dev/PebbleSDK-2.7/arm-cs-tools/bin/../lib/gcc/arm-none-eabi/4.7.2/thumb2/crtbegin.o
                                         0x4f (size before relaxing)
 .comment       0x0000000000000000       0x4f src/main.c.21.o
 .comment       0x0000000000000000       0x4f src/simply/simply.c.21.o
 .comment       0x0000000000000000       0x4f src/simply/simply_accel.c.21.o
 .comment       0x0000000000000000       0x4f src/simply/simply_menu.c.21.o
 .comment       0x0000000000000000       0x4f src/simply/simply_msg.c.21.o
 .comment       0x0000000000000000       0x4f src/simply/simply_res.c.21.o
 .comment       0x0000000000000000       0x4f src/simply/simply_splash.c.21.o
 .comment       0x0000000000000000       0x4f src/simply/simply_stage.c.21.o
 .comment       0x0000000000000000       0x4f src/simply/simply_ui.c.21.o
 .comment       0x0000000000000000       0x4f src/simply/simply_window.c.21.o
 .comment       0x0000000000000000       0x4f src/simply/simply_window_stack.c.21.o
 .comment       0x0000000000000000       0x4f appinfo.auto.c.21.o
 .comment       0x0000000000000000       0x4f /Users/zatipnis/pebble-dev/PebbleSDK-2.7/arm-cs-tools/bin/../lib/gcc/arm-none-eabi/4.7.2/thumb2/crtend.o

.debug_info     0x0000000000000000    0x11131
 .debug_info    0x0000000000000000      0x235 src/main.c.21.o
 .debug_info    0x0000000000000235      0xbbc src/simply/simply.c.21.o
 .debug_info    0x0000000000000df1      0x6e3 src/simply/simply_accel.c.21.o
 .debug_info    0x00000000000014d4     0x2711 src/simply/simply_menu.c.21.o
 .debug_info    0x0000000000003be5     0x4f1c src/simply/simply_msg.c.21.o
 .debug_info    0x0000000000008b01      0xf54 src/simply/simply_res.c.21.o
 .debug_info    0x0000000000009a55      0x977 src/simply/simply_splash.c.21.o
 .debug_info    0x000000000000a3cc     0x3062 src/simply/simply_stage.c.21.o
 .debug_info    0x000000000000d42e     0x1b78 src/simply/simply_ui.c.21.o
 .debug_info    0x000000000000efa6     0x15d8 src/simply/simply_window.c.21.o
 .debug_info    0x000000000001057e      0x830 src/simply/simply_window_stack.c.21.o
 .debug_info    0x0000000000010dae      0x383 appinfo.auto.c.21.o

.debug_abbrev   0x0000000000000000     0x28bf
 .debug_abbrev  0x0000000000000000      0x14d src/main.c.21.o
 .debug_abbrev  0x000000000000014d      0x29e src/simply/simply.c.21.o
 .debug_abbrev  0x00000000000003eb      0x26e src/simply/simply_accel.c.21.o
 .debug_abbrev  0x0000000000000659      0x4e3 src/simply/simply_menu.c.21.o
 .debug_abbrev  0x0000000000000b3c      0x5e6 src/simply/simply_msg.c.21.o
 .debug_abbrev  0x0000000000001122      0x3fc src/simply/simply_res.c.21.o
 .debug_abbrev  0x000000000000151e      0x2d7 src/simply/simply_splash.c.21.o
 .debug_abbrev  0x00000000000017f5      0x57d src/simply/simply_stage.c.21.o
 .debug_abbrev  0x0000000000001d72      0x443 src/simply/simply_ui.c.21.o
 .debug_abbrev  0x00000000000021b5      0x419 src/simply/simply_window.c.21.o
 .debug_abbrev  0x00000000000025ce      0x253 src/simply/simply_window_stack.c.21.o
 .debug_abbrev  0x0000000000002821       0x9e appinfo.auto.c.21.o

.debug_loc      0x0000000000000000     0x6701
 .debug_loc     0x0000000000000000       0x3e src/main.c.21.o
 .debug_loc     0x000000000000003e       0x7c src/simply/simply.c.21.o
 .debug_loc     0x00000000000000ba      0x230 src/simply/simply_accel.c.21.o
 .debug_loc     0x00000000000002ea     0x13c9 src/simply/simply_menu.c.21.o
 .debug_loc     0x00000000000016b3     0x17d0 src/simply/simply_msg.c.21.o
 .debug_loc     0x0000000000002e83      0xb94 src/simply/simply_res.c.21.o
 .debug_loc     0x0000000000003a17      0x1ec src/simply/simply_splash.c.21.o
 .debug_loc     0x0000000000003c03     0x11bd src/simply/simply_stage.c.21.o
 .debug_loc     0x0000000000004dc0      0xd6e src/simply/simply_ui.c.21.o
 .debug_loc     0x0000000000005b2e      0x90d src/simply/simply_window.c.21.o
 .debug_loc     0x000000000000643b      0x2c6 src/simply/simply_window_stack.c.21.o

.debug_aranges  0x0000000000000000      0x5d0
 .debug_aranges
                0x0000000000000000       0x20 src/main.c.21.o
 .debug_aranges
                0x0000000000000020       0x28 src/simply/simply.c.21.o
 .debug_aranges
                0x0000000000000048       0x48 src/simply/simply_accel.c.21.o
 .debug_aranges
                0x0000000000000090      0x120 src/simply/simply_menu.c.21.o
 .debug_aranges
                0x00000000000001b0      0x100 src/simply/simply_msg.c.21.o
 .debug_aranges
                0x00000000000002b0       0x80 src/simply/simply_res.c.21.o
 .debug_aranges
                0x0000000000000330       0x40 src/simply/simply_splash.c.21.o
 .debug_aranges
                0x0000000000000370       0xe8 src/simply/simply_stage.c.21.o
 .debug_aranges
                0x0000000000000458       0x78 src/simply/simply_ui.c.21.o
 .debug_aranges
                0x00000000000004d0       0x98 src/simply/simply_window.c.21.o
 .debug_aranges
                0x0000000000000568       0x50 src/simply/simply_window_stack.c.21.o
 .debug_aranges
                0x00000000000005b8       0x18 appinfo.auto.c.21.o

.debug_ranges   0x0000000000000000      0xbf0
 .debug_ranges  0x0000000000000000       0x10 src/main.c.21.o
 .debug_ranges  0x0000000000000010       0x18 src/simply/simply.c.21.o
 .debug_ranges  0x0000000000000028       0x38 src/simply/simply_accel.c.21.o
 .debug_ranges  0x0000000000000060      0x268 src/simply/simply_menu.c.21.o
 .debug_ranges  0x00000000000002c8      0x2e0 src/simply/simply_msg.c.21.o
 .debug_ranges  0x00000000000005a8       0xb8 src/simply/simply_res.c.21.o
 .debug_ranges  0x0000000000000660       0x30 src/simply/simply_splash.c.21.o
 .debug_ranges  0x0000000000000690      0x2a8 src/simply/simply_stage.c.21.o
 .debug_ranges  0x0000000000000938      0x148 src/simply/simply_ui.c.21.o
 .debug_ranges  0x0000000000000a80      0x130 src/simply/simply_window.c.21.o
 .debug_ranges  0x0000000000000bb0       0x40 src/simply/simply_window_stack.c.21.o

.debug_line     0x0000000000000000     0x2c77
 .debug_line    0x0000000000000000       0x9f src/main.c.21.o
 .debug_line    0x000000000000009f      0x296 src/simply/simply.c.21.o
 .debug_line    0x0000000000000335      0x267 src/simply/simply_accel.c.21.o
 .debug_line    0x000000000000059c      0x6b4 src/simply/simply_menu.c.21.o
 .debug_line    0x0000000000000c50      0x703 src/simply/simply_msg.c.21.o
 .debug_line    0x0000000000001353      0x394 src/simply/simply_res.c.21.o
 .debug_line    0x00000000000016e7      0x256 src/simply/simply_splash.c.21.o
 .debug_line    0x000000000000193d      0x6a9 src/simply/simply_stage.c.21.o
 .debug_line    0x0000000000001fe6      0x4c8 src/simply/simply_ui.c.21.o
 .debug_line    0x00000000000024ae      0x3fc src/simply/simply_window.c.21.o
 .debug_line    0x00000000000028aa      0x2ab src/simply/simply_window_stack.c.21.o
 .debug_line    0x0000000000002b55      0x122 appinfo.auto.c.21.o

.debug_str      0x0000000000000000     0x3bea
 .debug_str     0x0000000000000000      0x170 src/main.c.21.o
                                        0x1af (size before relaxing)
 .debug_str     0x0000000000000170      0x477 src/simply/simply.c.21.o
                                        0x687 (size before relaxing)
 .debug_str     0x00000000000005e7      0x1cd src/simply/simply_accel.c.21.o
                                        0x49c (size before relaxing)
 .debug_str     0x00000000000007b4      0xa00 src/simply/simply_menu.c.21.o
                                        0xf4f (size before relaxing)
 .debug_str     0x00000000000011b4     0x185c src/simply/simply_msg.c.21.o
                                       0x2228 (size before relaxing)
 .debug_str     0x0000000000002a10      0x152 src/simply/simply_res.c.21.o
                                        0x4cb (size before relaxing)
 .debug_str     0x0000000000002b62      0x2b2 src/simply/simply_splash.c.21.o
                                        0x65f (size before relaxing)
 .debug_str     0x0000000000002e14      0x699 src/simply/simply_stage.c.21.o
                                       0x1501 (size before relaxing)
 .debug_str     0x00000000000034ad      0x1bf src/simply/simply_ui.c.21.o
                                        0xef7 (size before relaxing)
 .debug_str     0x000000000000366c      0x33f src/simply/simply_window.c.21.o
                                        0xb30 (size before relaxing)
 .debug_str     0x00000000000039ab       0x41 src/simply/simply_window_stack.c.21.o
                                        0x4c9 (size before relaxing)
 .debug_str     0x00000000000039ec      0x1fe appinfo.auto.c.21.o
                                        0x4dc (size before relaxing)

.debug_frame    0x0000000000000000      0xfdc
 .debug_frame   0x0000000000000000       0x28 src/main.c.21.o
 .debug_frame   0x0000000000000028       0x40 src/simply/simply.c.21.o
 .debug_frame   0x0000000000000068       0x90 src/simply/simply_accel.c.21.o
 .debug_frame   0x00000000000000f8      0x334 src/simply/simply_menu.c.21.o
 .debug_frame   0x000000000000042c      0x310 src/simply/simply_msg.c.21.o
 .debug_frame   0x000000000000073c      0x158 src/simply/simply_res.c.21.o
 .debug_frame   0x0000000000000894       0x9c src/simply/simply_splash.c.21.o
 .debug_frame   0x0000000000000930      0x2b4 src/simply/simply_stage.c.21.o
 .debug_frame   0x0000000000000be4      0x170 src/simply/simply_ui.c.21.o
 .debug_frame   0x0000000000000d54      0x1c8 src/simply/simply_window.c.21.o
 .debug_frame   0x0000000000000f1c       0xc0 src/simply/simply_window_stack.c.21.o
